{
    "status": "Success",
    "machines": [
        "onemachine",
        "twomachine",
        "threemachine",
        "four"
    ]
}